2026-09-10 01:22:47,065 INFO system_started Been Ventures workforce started
2026-09-10 01:22:47,295 INFO system_started Been Ventures workforce started
2026-09-10 01:22:47,512 INFO system_started Been Ventures workforce started
2026-09-10 01:22:47,566 INFO task_created task=task-2faf7ba8 agent=business_manager
2026-09-10 01:22:47,721 INFO system_started Been Ventures workforce started
2026-09-10 01:22:47,898 INFO system_started Been Ventures workforce started
2026-09-10 07:35:51,755 INFO system_started Been Ventures workforce started
2026-09-10 07:44:46,381 INFO system_started Been Ventures workforce started
2026-09-10 07:45:03,539 INFO system_started Been Ventures workforce started
2026-09-10 07:45:03,555 INFO task_created task=task-a4d4bda2 agent=business_manager
2026-09-10 07:47:09,665 INFO system_started Been Ventures workforce started
2026-09-10 07:47:09,674 INFO task_created task=task-c242d273 agent=business_manager
2026-09-10 07:47:33,805 INFO system_started Been Ventures workforce started
2026-09-10 07:48:22,969 INFO system_started Been Ventures workforce started
2026-09-10 07:49:54,498 INFO system_started Been Ventures workforce started
2026-09-10 07:50:54,623 INFO system_started Been Ventures workforce started
2026-09-14 19:50:45,076 INFO system_started Been Ventures workforce started
2026-09-14 19:50:45,211 INFO system_started Been Ventures workforce started
2026-09-14 19:50:45,319 INFO system_started Been Ventures workforce started
2026-09-14 19:50:45,417 INFO system_started Been Ventures workforce started
2026-09-14 19:52:07,876 INFO system_started Been Ventures workforce started
2026-09-14 19:59:53,833 INFO system_started Been Ventures workforce started
2026-09-14 19:59:53,957 INFO system_started Been Ventures workforce started
2026-09-14 19:59:54,070 INFO system_started Been Ventures workforce started
2026-09-14 19:59:54,183 INFO system_started Been Ventures workforce started
2026-09-14 19:59:54,288 INFO system_started Been Ventures workforce started
2026-09-14 20:01:59,787 INFO system_started Been Ventures workforce started
2026-09-14 20:01:59,888 INFO system_started Been Ventures workforce started
2026-09-14 20:01:59,992 INFO system_started Been Ventures workforce started
2026-09-14 20:02:22,896 INFO system_started Been Ventures workforce started
2026-09-14 20:01:59,834 INFO system_started Been Ventures workforce started
2026-09-14 20:02:16,665 INFO system_started Been Ventures workforce started
2026-09-14 20:02:16,769 INFO system_started Been Ventures workforce started
2026-09-14 20:02:16,858 INFO system_started Been Ventures workforce started
2026-09-14 20:02:16,947 INFO system_started Been Ventures workforce started
2026-09-14 20:02:17,048 INFO system_started Been Ventures workforce started
2026-09-14 20:02:43,151 INFO system_started Been Ventures workforce started
2026-09-14 20:02:43,299 INFO system_started Been Ventures workforce started
2026-09-14 20:02:43,454 INFO system_started Been Ventures workforce started
2026-09-14 20:02:43,546 INFO system_started Been Ventures workforce started
2026-09-14 20:02:43,642 INFO system_started Been Ventures workforce started
2026-09-14 20:02:44,013 INFO system_started Been Ventures workforce started
2026-09-14 20:02:44,024 INFO task_created task=task-d130003c agent=funding
2026-09-14 20:02:44,031 INFO task_status task=task-d130003c status=running
2026-09-14 20:02:44,038 INFO task_status task=task-d130003c status=failed
2026-09-14 20:02:44,038 INFO task_failed task=task-d130003c error=Funding research unavailable: SEARCH_API_KEY is not configured.
2026-09-14 20:03:23,252 INFO system_started Been Ventures workforce started
2026-09-14 20:03:23,351 INFO system_started Been Ventures workforce started
2026-09-14 20:03:23,436 INFO system_started Been Ventures workforce started
2026-09-14 20:03:23,522 INFO system_started Been Ventures workforce started
2026-09-14 20:03:23,627 INFO system_started Been Ventures workforce started
2026-09-14 20:03:23,983 INFO system_started Been Ventures workforce started
2026-09-14 20:03:24,092 INFO system_started Been Ventures workforce started
2026-09-14 20:03:24,245 INFO system_started Been Ventures workforce started
2026-09-14 20:03:24,374 INFO system_started Been Ventures workforce started
2026-09-14 20:03:24,476 INFO system_started Been Ventures workforce started
2026-09-14 20:03:33,716 INFO system_started Been Ventures workforce started
2026-09-14 20:03:33,735 INFO task_created task=task-6105a4a0 agent=funding
2026-09-14 20:03:33,750 INFO task_status task=task-6105a4a0 status=running
2026-09-14 20:03:33,769 INFO task_status task=task-6105a4a0 status=failed
2026-09-14 20:03:33,769 INFO task_failed task=task-6105a4a0 error=Funding research unavailable: SEARCH_API_KEY is not configured.
2026-09-14 22:06:01,750 INFO system_started Been Ventures workforce started
2026-09-14 22:06:01,826 INFO system_started Been Ventures workforce started
2026-09-14 22:06:01,909 INFO system_started Been Ventures workforce started
2026-09-14 22:06:01,988 INFO system_started Been Ventures workforce started
2026-09-14 22:06:02,065 INFO system_started Been Ventures workforce started
2026-09-14 22:06:04,330 INFO system_started Been Ventures workforce started
2026-09-14 22:06:04,338 INFO task_created task=task-e264ca42 agent=funding
2026-09-14 22:06:04,343 INFO task_status task=task-e264ca42 status=running
2026-09-14 22:06:04,348 INFO task_status task=task-e264ca42 status=failed
2026-09-14 22:06:04,348 INFO task_failed task=task-e264ca42 error=Funding research unavailable: SEARCH_API_KEY is not configured.
2026-09-14 22:06:39,148 INFO system_started Been Ventures workforce started
2026-09-14 22:06:39,215 INFO system_started Been Ventures workforce started
2026-09-14 22:06:39,281 INFO system_started Been Ventures workforce started
2026-09-14 22:06:39,348 INFO system_started Been Ventures workforce started
2026-09-14 22:06:39,419 INFO system_started Been Ventures workforce started
2026-09-14 22:07:34,007 INFO system_started Been Ventures workforce started
2026-09-14 22:07:34,020 INFO task_created task=task-d85d6ca7 agent=funding
2026-09-14 22:07:34,031 INFO task_status task=task-d85d6ca7 status=running
2026-09-14 22:07:34,553 INFO task_status task=task-d85d6ca7 status=failed
2026-09-14 22:07:34,553 INFO task_failed task=task-d85d6ca7 error=Tavily search failed: Unauthorized: missing or invalid API key.
2026-09-14 22:08:21,326 INFO system_started Been Ventures workforce started
2026-09-14 22:08:21,331 INFO task_created task=task-5ab9f751 agent=funding
2026-09-14 22:08:21,335 INFO task_status task=task-5ab9f751 status=running
2026-09-14 22:08:21,340 INFO task_status task=task-5ab9f751 status=failed
2026-09-14 22:08:21,341 INFO task_failed task=task-5ab9f751 error=SEARCH_API_KEY still contains a placeholder. Replace it with a real Tavily API key.
2026-09-14 22:08:41,636 INFO system_started Been Ventures workforce started
2026-09-14 22:08:41,693 INFO system_started Been Ventures workforce started
2026-09-14 22:08:41,755 INFO system_started Been Ventures workforce started
2026-09-14 22:08:41,817 INFO system_started Been Ventures workforce started
2026-09-14 22:08:41,912 INFO system_started Been Ventures workforce started
2026-09-14 22:08:44,084 INFO system_started Been Ventures workforce started
2026-09-14 22:08:44,088 INFO task_created task=task-a495acdb agent=funding
2026-09-14 22:08:44,092 INFO task_status task=task-a495acdb status=running
2026-09-14 22:08:44,100 INFO task_status task=task-a495acdb status=failed
2026-09-14 22:08:44,100 INFO task_failed task=task-a495acdb error=SEARCH_API_KEY still contains a placeholder. Replace it with a real Tavily API key.
2026-09-14 22:29:59,931 INFO system_started Been Ventures workforce started
2026-09-14 22:29:59,940 INFO task_created task=task-61e65686 agent=funding
2026-09-14 22:29:59,942 INFO task_status task=task-61e65686 status=running
2026-09-14 22:30:39,436 INFO system_started Been Ventures workforce started
2026-09-14 22:30:39,447 INFO task_created task=task-23cf5bc0 agent=funding
2026-09-14 22:30:39,453 INFO task_status task=task-23cf5bc0 status=running
2026-09-14 22:30:40,094 INFO task_status task=task-23cf5bc0 status=completed
2026-09-14 22:30:40,094 INFO agent_completed task=task-23cf5bc0 agent=funding
2026-09-14 22:31:47,686 INFO system_started Been Ventures workforce started
2026-09-14 22:31:47,758 INFO system_started Been Ventures workforce started
2026-09-14 22:31:56,584 INFO system_started Been Ventures workforce started
2026-09-14 22:31:56,589 INFO task_created task=task-8ff35efd agent=funding
2026-09-14 22:31:56,592 INFO task_status task=task-8ff35efd status=running
2026-09-14 22:32:20,169 INFO task_status task=task-8ff35efd status=completed
2026-09-14 22:32:20,169 INFO agent_completed task=task-8ff35efd agent=funding
2026-09-14 22:32:29,918 INFO system_started Been Ventures workforce started
2026-09-14 22:32:29,926 INFO task_created task=task-7e8fc95c agent=funding
2026-09-14 22:32:29,933 INFO task_status task=task-7e8fc95c status=running
2026-09-14 22:32:30,224 INFO task_status task=task-7e8fc95c status=completed
2026-09-14 22:32:30,225 INFO agent_completed task=task-7e8fc95c agent=funding
2026-09-14 22:32:14,472 INFO system_started Been Ventures workforce started
2026-09-14 22:32:14,480 INFO task_created task=task-fe69e9fa agent=funding
2026-09-14 22:32:14,485 INFO task_status task=task-fe69e9fa status=running
2026-09-14 22:32:14,833 INFO task_status task=task-fe69e9fa status=completed
2026-09-14 22:32:14,834 INFO agent_completed task=task-fe69e9fa agent=funding
2026-09-14 22:33:45,517 INFO system_started Been Ventures workforce started
2026-09-14 22:33:45,523 INFO task_created task=task-e1591aca agent=funding
2026-09-14 22:33:45,537 INFO task_status task=task-e1591aca status=running
2026-09-14 22:33:50,032 INFO task_status task=task-e1591aca status=completed
2026-09-14 22:33:50,032 INFO agent_completed task=task-e1591aca agent=funding
2026-09-14 22:34:25,403 INFO system_started Been Ventures workforce started
2026-09-14 22:34:25,408 INFO task_created task=task-c6f79764 agent=funding
2026-09-14 22:34:25,413 INFO task_status task=task-c6f79764 status=running
2026-09-14 22:34:25,820 INFO task_status task=task-c6f79764 status=completed
2026-09-14 22:34:25,821 INFO agent_completed task=task-c6f79764 agent=funding
2026-09-14 22:35:01,950 INFO system_started Been Ventures workforce started
2026-09-14 22:35:01,957 INFO task_created task=task-f55de2eb agent=funding
2026-09-14 22:35:01,961 INFO task_status task=task-f55de2eb status=running
2026-09-14 22:35:02,308 INFO task_status task=task-f55de2eb status=completed
2026-09-14 22:35:02,308 INFO agent_completed task=task-f55de2eb agent=funding
2026-09-14 22:39:08,773 INFO system_started Been Ventures workforce started
2026-09-14 22:39:08,782 INFO task_created task=task-353d079f agent=funding
2026-09-14 22:39:08,788 INFO task_status task=task-353d079f status=running
2026-09-14 22:39:09,255 INFO task_status task=task-353d079f status=completed
2026-09-14 22:39:09,255 INFO agent_completed task=task-353d079f agent=funding
2026-09-14 22:49:34,842 INFO system_started Been Ventures workforce started
2026-09-14 22:49:55,228 INFO system_started Been Ventures workforce started
2026-09-14 22:49:57,893 INFO system_started Been Ventures workforce started
2026-09-14 22:49:57,952 INFO system_started Been Ventures workforce started
2026-09-14 22:49:58,011 INFO system_started Been Ventures workforce started
2026-09-14 22:49:58,068 INFO system_started Been Ventures workforce started
2026-09-14 22:49:58,130 INFO system_started Been Ventures workforce started
2026-09-14 22:50:33,207 INFO system_started Been Ventures workforce started
2026-09-14 22:50:44,264 INFO system_started Been Ventures workforce started
2026-09-14 22:51:18,990 INFO system_started Been Ventures workforce started
2026-09-14 22:51:31,956 INFO system_started Been Ventures workforce started
2026-09-14 22:54:30,074 INFO system_started Been Ventures workforce started
2026-09-14 22:54:37,578 INFO system_started Been Ventures workforce started
2026-09-14 22:55:12,703 INFO system_started Been Ventures workforce started
2026-09-14 23:14:34,397 INFO system_started Been Ventures workforce started
2026-09-14 23:15:10,821 INFO system_started Been Ventures workforce started
2026-09-14 23:15:10,827 INFO task_created task=task-eedfbab9 agent=funding
2026-09-14 23:15:10,828 INFO task_status task=task-eedfbab9 status=running
2026-09-14 23:15:15,551 INFO task_status task=task-eedfbab9 status=completed
2026-09-14 23:15:15,551 INFO agent_completed task=task-eedfbab9 agent=funding
2026-09-14 23:15:15,559 INFO system_started Been Ventures workforce started
2026-09-14 23:15:26,642 INFO system_started Been Ventures workforce started
2026-09-14 23:15:26,646 INFO task_created task=task-baa26e0b agent=funding
2026-09-14 23:15:26,648 INFO task_status task=task-baa26e0b status=running
2026-09-14 23:15:26,843 INFO task_status task=task-baa26e0b status=completed
2026-09-14 23:15:26,843 INFO agent_completed task=task-baa26e0b agent=funding
2026-09-14 23:15:26,852 INFO system_started Been Ventures workforce started
2026-09-14 23:15:45,553 INFO system_started Been Ventures workforce started
2026-09-14 23:15:45,558 INFO task_created task=task-3a0ecf62 agent=client_finder
2026-09-14 23:15:45,560 INFO task_status task=task-3a0ecf62 status=running
2026-09-14 23:15:45,563 INFO task_status task=task-3a0ecf62 status=completed
2026-09-14 23:15:45,563 INFO agent_completed task=task-3a0ecf62 agent=client_finder
2026-09-14 23:15:45,569 INFO system_started Been Ventures workforce started
2026-09-14 23:16:12,145 INFO system_started Been Ventures workforce started
2026-09-14 23:18:35,644 INFO system_started Been Ventures workforce started
2026-09-14 23:18:35,653 INFO task_created task=task-48a10a13 agent=funding
2026-09-14 23:18:35,661 INFO task_status task=task-48a10a13 status=running
2026-09-14 23:18:41,078 INFO task_status task=task-48a10a13 status=completed
2026-09-14 23:18:41,078 INFO agent_completed task=task-48a10a13 agent=funding
2026-09-14 23:19:41,014 INFO system_started Been Ventures workforce started
2026-09-14 23:19:41,020 INFO task_created task=task-0cdfc849 agent=funding
2026-09-14 23:19:41,023 INFO task_status task=task-0cdfc849 status=running
2026-09-14 23:19:41,276 INFO task_status task=task-0cdfc849 status=completed
2026-09-14 23:19:41,277 INFO agent_completed task=task-0cdfc849 agent=funding
2026-09-14 23:19:43,512 INFO system_started Been Ventures workforce started
2026-09-14 23:19:43,562 INFO system_started Been Ventures workforce started
2026-09-14 23:19:43,607 INFO system_started Been Ventures workforce started
2026-09-14 23:19:43,654 INFO system_started Been Ventures workforce started
2026-09-14 23:19:43,702 INFO system_started Been Ventures workforce started
2026-09-14 23:20:02,656 INFO system_started Been Ventures workforce started
2026-09-14 23:20:10,139 INFO system_started Been Ventures workforce started
2026-09-14 23:20:17,081 INFO system_started Been Ventures workforce started
2026-09-14 23:20:17,084 INFO task_created task=task-675a8add agent=client_finder
2026-09-14 23:20:17,085 INFO task_status task=task-675a8add status=running
2026-09-14 23:20:17,087 INFO task_status task=task-675a8add status=completed
2026-09-14 23:20:17,087 INFO agent_completed task=task-675a8add agent=client_finder
2026-09-14 23:20:17,093 INFO system_started Been Ventures workforce started
2026-09-14 23:21:15,157 INFO system_started Been Ventures workforce started
2026-09-14 23:21:15,160 INFO task_created task=task-ff7fdb13 agent=marketing
2026-09-14 23:21:15,161 INFO task_status task=task-ff7fdb13 status=running
2026-09-14 23:21:15,163 INFO task_status task=task-ff7fdb13 status=completed
2026-09-14 23:21:15,163 INFO agent_completed task=task-ff7fdb13 agent=marketing
2026-09-14 23:21:15,171 INFO system_started Been Ventures workforce started
2026-09-14 23:33:37,760 INFO system_started Been Ventures workforce started
2026-09-14 23:34:02,203 INFO system_started Been Ventures workforce started
2026-09-14 23:34:05,036 INFO system_started Been Ventures workforce started
2026-09-14 23:34:05,085 INFO system_started Been Ventures workforce started
2026-09-14 23:34:05,130 INFO system_started Been Ventures workforce started
2026-09-14 23:34:05,176 INFO system_started Been Ventures workforce started
2026-09-14 23:34:05,223 INFO system_started Been Ventures workforce started
2026-09-14 23:35:05,948 INFO system_started Been Ventures workforce started
2026-09-14 23:35:05,953 INFO task_created task=task-001c31b7 agent=funding
2026-09-14 23:35:05,959 INFO task_status task=task-001c31b7 status=running
2026-09-14 23:35:06,512 INFO task_status task=task-001c31b7 status=completed
2026-09-14 23:35:06,513 INFO agent_completed task=task-001c31b7 agent=funding
2026-09-14 23:35:11,123 INFO system_started Been Ventures workforce started
2026-09-14 23:35:11,173 INFO system_started Been Ventures workforce started
2026-09-14 23:35:11,222 INFO system_started Been Ventures workforce started
2026-09-14 23:35:11,270 INFO system_started Been Ventures workforce started
2026-09-14 23:35:11,316 INFO system_started Been Ventures workforce started
2026-09-14 23:35:19,151 INFO system_started Been Ventures workforce started
2026-09-14 23:35:53,937 INFO system_started Been Ventures workforce started
2026-09-14 23:35:53,837 INFO system_started Been Ventures workforce started
2026-09-14 23:35:53,840 INFO task_created task=task-b7cc1434 agent=funding
2026-09-14 23:35:53,843 INFO task_status task=task-b7cc1434 status=running
2026-09-14 23:35:53,853 INFO system_started Been Ventures workforce started
2026-09-14 23:35:54,012 INFO task_status task=task-b7cc1434 status=completed
2026-09-14 23:35:54,012 INFO agent_completed task=task-b7cc1434 agent=funding
2026-09-14 23:36:32,159 INFO system_started Been Ventures workforce started
2026-09-14 23:36:44,674 INFO system_started Been Ventures workforce started
2026-09-14 23:36:44,681 INFO task_created task=task-59b5ba54 agent=client_finder
2026-09-14 23:36:44,687 INFO task_status task=task-59b5ba54 status=running
2026-09-14 23:36:44,690 INFO task_status task=task-59b5ba54 status=completed
2026-09-14 23:36:44,691 INFO agent_completed task=task-59b5ba54 agent=client_finder
2026-09-14 23:36:44,693 INFO system_started Been Ventures workforce started
2026-09-14 23:36:51,399 INFO system_started Been Ventures workforce started
2026-09-14 23:36:51,402 INFO task_created task=task-ab245df0 agent=marketing
2026-09-14 23:36:51,409 INFO task_status task=task-ab245df0 status=running
2026-09-14 23:36:51,415 INFO task_status task=task-ab245df0 status=completed
2026-09-14 23:36:51,415 INFO agent_completed task=task-ab245df0 agent=marketing
2026-09-14 23:36:51,416 INFO system_started Been Ventures workforce started
2026-09-14 23:36:55,964 INFO system_started Been Ventures workforce started
2026-09-14 23:36:55,969 INFO task_created task=task-2bc5b7ae agent=funding
2026-09-14 23:36:55,973 INFO task_status task=task-2bc5b7ae status=running
2026-09-14 23:36:55,977 INFO system_started Been Ventures workforce started
2026-09-14 23:36:56,310 INFO task_status task=task-2bc5b7ae status=completed
2026-09-14 23:36:56,310 INFO agent_completed task=task-2bc5b7ae agent=funding
2026-09-14 23:37:19,871 INFO system_started Been Ventures workforce started
2026-09-14 23:37:27,040 INFO system_started Been Ventures workforce started
2026-09-14 23:37:27,047 INFO task_created task=task-9abee3c6 agent=funding
2026-09-14 23:37:27,054 INFO task_status task=task-9abee3c6 status=running
2026-09-14 23:37:27,062 INFO system_started Been Ventures workforce started
2026-09-14 23:37:27,394 INFO task_status task=task-9abee3c6 status=completed
2026-09-14 23:37:27,394 INFO agent_completed task=task-9abee3c6 agent=funding
2026-09-14 23:37:48,276 INFO system_started Been Ventures workforce started
2026-09-14 23:37:48,281 INFO task_created task=task-4a35599a agent=funding
2026-09-14 23:37:48,285 INFO task_status task=task-4a35599a status=running
2026-09-14 23:37:48,290 INFO system_started Been Ventures workforce started
2026-09-14 23:37:48,482 INFO task_status task=task-4a35599a status=completed
2026-09-14 23:37:48,482 INFO agent_completed task=task-4a35599a agent=funding
2026-09-14 23:38:21,301 INFO system_started Been Ventures workforce started
2026-09-14 23:39:29,610 INFO system_started Been Ventures workforce started
2026-09-14 23:39:29,613 INFO task_created task=task-421f763e agent=research
2026-09-14 23:39:29,616 INFO task_status task=task-421f763e status=running
2026-09-14 23:39:29,622 INFO task_status task=task-421f763e status=failed
2026-09-14 23:39:29,622 INFO task_failed task=task-421f763e error=Unknown agent: research
2026-09-14 23:39:29,632 INFO system_started Been Ventures workforce started
2026-09-14 23:40:30,374 INFO system_started Been Ventures workforce started
2026-09-14 23:40:30,422 INFO system_started Been Ventures workforce started
2026-09-14 23:40:30,470 INFO system_started Been Ventures workforce started
2026-09-14 23:40:30,531 INFO system_started Been Ventures workforce started
2026-09-14 23:40:30,580 INFO system_started Been Ventures workforce started
2026-09-14 23:41:57,292 INFO system_started Been Ventures workforce started
2026-09-14 23:41:57,339 INFO system_started Been Ventures workforce started
2026-09-14 23:41:57,384 INFO system_started Been Ventures workforce started
2026-09-14 23:41:57,433 INFO system_started Been Ventures workforce started
2026-09-14 23:41:57,481 INFO system_started Been Ventures workforce started
2026-09-14 23:42:14,094 INFO system_started Been Ventures workforce started
2026-09-14 23:42:16,331 INFO system_started Been Ventures workforce started
2026-09-14 23:42:19,628 INFO system_started Been Ventures workforce started
2026-09-14 23:42:22,037 INFO system_started Been Ventures workforce started
2026-09-14 23:42:22,043 INFO task_created task=task-94005f9c agent=funding
2026-09-14 23:42:22,054 INFO task_status task=task-94005f9c status=running
2026-09-14 23:42:22,108 INFO system_started Been Ventures workforce started
2026-09-14 23:42:22,435 INFO system_started Been Ventures workforce started
2026-09-14 23:42:22,467 INFO task_status task=task-94005f9c status=completed
2026-09-14 23:42:22,467 INFO agent_completed task=task-94005f9c agent=funding
2026-09-14 23:42:25,692 INFO system_started Been Ventures workforce started
2026-09-14 23:42:28,530 INFO system_started Been Ventures workforce started
2026-09-14 23:42:31,356 INFO system_started Been Ventures workforce started
2026-09-14 23:42:34,613 INFO system_started Been Ventures workforce started
2026-09-14 23:42:37,430 INFO system_started Been Ventures workforce started
2026-09-14 23:42:40,690 INFO system_started Been Ventures workforce started
2026-09-14 23:42:43,540 INFO system_started Been Ventures workforce started
2026-09-14 23:42:46,371 INFO system_started Been Ventures workforce started
2026-09-14 23:42:49,625 INFO system_started Been Ventures workforce started
2026-09-14 23:42:52,466 INFO system_started Been Ventures workforce started
2026-09-14 23:42:55,713 INFO system_started Been Ventures workforce started
2026-09-14 23:42:58,521 INFO system_started Been Ventures workforce started
2026-09-14 23:43:01,387 INFO system_started Been Ventures workforce started
2026-09-14 23:43:04,632 INFO system_started Been Ventures workforce started
2026-09-14 23:43:07,450 INFO system_started Been Ventures workforce started
2026-09-14 23:43:10,701 INFO system_started Been Ventures workforce started
2026-09-14 23:43:13,332 INFO system_started Been Ventures workforce started
2026-09-14 23:43:16,196 INFO system_started Been Ventures workforce started
2026-09-14 23:43:19,192 INFO system_started Been Ventures workforce started
2026-09-14 23:43:22,127 INFO system_started Been Ventures workforce started
2026-09-14 23:43:25,130 INFO system_started Been Ventures workforce started
2026-09-14 23:43:27,856 INFO system_started Been Ventures workforce started
2026-09-14 23:43:54,570 INFO system_started Been Ventures workforce started
2026-09-14 23:43:34,024 INFO system_started Been Ventures workforce started
2026-09-14 23:43:36,885 INFO system_started Been Ventures workforce started
2026-09-14 23:43:39,892 INFO system_started Been Ventures workforce started
2026-09-14 23:43:42,919 INFO system_started Been Ventures workforce started
2026-09-14 23:44:09,577 INFO system_started Been Ventures workforce started
2026-09-14 23:43:48,858 INFO system_started Been Ventures workforce started
2026-09-14 23:43:52,032 INFO system_started Been Ventures workforce started
2026-09-14 23:43:55,029 INFO system_started Been Ventures workforce started
2026-09-14 23:44:21,573 INFO system_started Been Ventures workforce started
2026-09-14 23:44:16,324 INFO system_started Been Ventures workforce started
2026-09-14 23:45:16,335 INFO system_started Been Ventures workforce started
2026-09-14 23:45:40,282 INFO system_started Been Ventures workforce started
2026-09-14 23:45:43,495 INFO system_started Been Ventures workforce started
2026-09-14 23:45:46,330 INFO system_started Been Ventures workforce started
2026-09-14 23:45:49,576 INFO system_started Been Ventures workforce started
2026-09-14 23:45:52,305 INFO system_started Been Ventures workforce started
2026-09-14 23:45:55,310 INFO system_started Been Ventures workforce started
2026-09-14 23:45:58,303 INFO system_started Been Ventures workforce started
2026-09-14 23:46:01,321 INFO system_started Been Ventures workforce started
2026-09-14 23:46:04,304 INFO system_started Been Ventures workforce started
2026-09-14 23:46:07,310 INFO system_started Been Ventures workforce started
2026-09-14 23:46:10,308 INFO system_started Been Ventures workforce started
2026-09-14 23:46:13,297 INFO system_started Been Ventures workforce started
2026-09-14 23:46:16,305 INFO system_started Been Ventures workforce started
2026-09-14 23:46:19,305 INFO system_started Been Ventures workforce started
2026-09-14 23:46:22,311 INFO system_started Been Ventures workforce started
2026-09-14 23:46:24,616 INFO system_started Been Ventures workforce started
2026-09-14 23:46:24,624 INFO task_created task=task-06e4225c agent=funding
2026-09-14 23:46:24,634 INFO task_status task=task-06e4225c status=running
2026-09-14 23:46:24,641 INFO system_started Been Ventures workforce started
2026-09-14 23:46:25,311 INFO system_started Been Ventures workforce started
2026-09-14 23:46:26,770 INFO system_started Been Ventures workforce started
2026-09-14 23:46:26,774 INFO task_created task=task-587ded1e agent=funding
2026-09-14 23:46:26,778 INFO task_status task=task-587ded1e status=running
2026-09-14 23:46:26,781 INFO system_started Been Ventures workforce started
2026-09-14 23:46:28,061 INFO system_started Been Ventures workforce started
2026-09-14 23:46:28,064 INFO task_created task=task-2496296b agent=funding
2026-09-14 23:46:28,070 INFO task_status task=task-2496296b status=running
2026-09-14 23:46:28,071 INFO system_started Been Ventures workforce started
2026-09-14 23:46:28,309 INFO system_started Been Ventures workforce started
2026-09-14 23:46:29,475 INFO task_status task=task-06e4225c status=completed
2026-09-14 23:46:29,475 INFO agent_completed task=task-06e4225c agent=funding
2026-09-14 23:46:31,307 INFO system_started Been Ventures workforce started
2026-09-14 23:46:31,769 INFO task_status task=task-587ded1e status=completed
2026-09-14 23:46:31,769 INFO agent_completed task=task-587ded1e agent=funding
2026-09-14 23:46:32,374 INFO task_status task=task-2496296b status=completed
2026-09-14 23:46:32,375 INFO agent_completed task=task-2496296b agent=funding
2026-09-14 23:46:34,304 INFO system_started Been Ventures workforce started
2026-09-14 23:46:37,304 INFO system_started Been Ventures workforce started
2026-09-14 23:46:40,308 INFO system_started Been Ventures workforce started
2026-09-14 23:46:42,939 INFO system_started Been Ventures workforce started
2026-09-14 23:46:42,944 INFO task_created task=task-24afb4ab agent=research
2026-09-14 23:46:42,949 INFO task_status task=task-24afb4ab status=running
2026-09-14 23:46:42,952 INFO task_status task=task-24afb4ab status=failed
2026-09-14 23:46:42,952 INFO task_failed task=task-24afb4ab error=Unknown agent: research
2026-09-14 23:46:42,952 INFO system_started Been Ventures workforce started
2026-09-14 23:46:43,319 INFO system_started Been Ventures workforce started
2026-09-14 23:46:46,315 INFO system_started Been Ventures workforce started
2026-09-14 23:46:49,304 INFO system_started Been Ventures workforce started
2026-09-14 23:46:52,308 INFO system_started Been Ventures workforce started
2026-09-14 23:46:55,302 INFO system_started Been Ventures workforce started
2026-09-14 23:46:58,317 INFO system_started Been Ventures workforce started
2026-09-14 23:47:24,563 INFO system_started Been Ventures workforce started
2026-09-14 23:47:04,311 INFO system_started Been Ventures workforce started
2026-09-14 23:47:07,307 INFO system_started Been Ventures workforce started
2026-09-14 23:47:10,311 INFO system_started Been Ventures workforce started
2026-09-14 23:47:13,313 INFO system_started Been Ventures workforce started
2026-09-14 23:47:16,309 INFO system_started Been Ventures workforce started
2026-09-14 23:47:19,331 INFO system_started Been Ventures workforce started
2026-09-14 23:47:22,323 INFO system_started Been Ventures workforce started
2026-09-14 23:47:25,324 INFO system_started Been Ventures workforce started
2026-09-14 23:47:28,324 INFO system_started Been Ventures workforce started
2026-09-14 23:47:31,331 INFO system_started Been Ventures workforce started
2026-09-14 23:47:34,328 INFO system_started Been Ventures workforce started
2026-09-14 23:47:37,327 INFO system_started Been Ventures workforce started
2026-09-14 23:47:40,334 INFO system_started Been Ventures workforce started
2026-09-14 23:47:43,328 INFO system_started Been Ventures workforce started
2026-09-14 23:47:46,338 INFO system_started Been Ventures workforce started
2026-09-14 23:47:49,321 INFO system_started Been Ventures workforce started
2026-09-14 23:47:52,329 INFO system_started Been Ventures workforce started
2026-09-14 23:47:55,335 INFO system_started Been Ventures workforce started
2026-09-14 23:47:58,331 INFO system_started Been Ventures workforce started
2026-09-14 23:48:01,324 INFO system_started Been Ventures workforce started
2026-09-14 23:48:04,328 INFO system_started Been Ventures workforce started
2026-09-14 23:48:07,334 INFO system_started Been Ventures workforce started
2026-09-14 23:48:10,325 INFO system_started Been Ventures workforce started
2026-09-14 23:48:13,331 INFO system_started Been Ventures workforce started
2026-09-14 23:48:16,332 INFO system_started Been Ventures workforce started
2026-09-14 23:49:11,254 INFO system_started Been Ventures workforce started
2026-09-14 23:49:11,259 INFO task_created task=task-3d77f1c4 agent=research
2026-09-14 23:49:11,266 INFO task_status task=task-3d77f1c4 status=running
2026-09-14 23:49:13,466 INFO system_started Been Ventures workforce started
2026-09-14 23:49:13,514 INFO system_started Been Ventures workforce started
2026-09-14 23:49:13,567 INFO system_started Been Ventures workforce started
2026-09-14 23:49:13,623 INFO system_started Been Ventures workforce started
2026-09-14 23:49:13,633 INFO task_status task=task-3d77f1c4 status=completed
2026-09-14 23:49:13,633 INFO agent_completed task=task-3d77f1c4 agent=research
2026-09-14 23:49:13,680 INFO system_started Been Ventures workforce started
2026-09-14 23:49:16,723 INFO system_started Been Ventures workforce started
2026-09-14 23:49:19,594 INFO system_started Been Ventures workforce started
2026-09-14 23:49:50,421 INFO system_started Been Ventures workforce started
2026-09-14 23:49:52,371 INFO system_started Been Ventures workforce started
2026-09-14 23:49:55,619 INFO system_started Been Ventures workforce started
2026-09-14 23:49:56,366 INFO system_started Been Ventures workforce started
2026-09-14 23:49:59,231 INFO system_started Been Ventures workforce started
2026-09-14 23:50:00,088 INFO system_started Been Ventures workforce started
2026-09-14 23:50:00,097 INFO task_created task=task-f48939e6 agent=research
2026-09-14 23:50:00,105 INFO task_status task=task-f48939e6 status=running
2026-09-14 23:50:00,108 INFO system_started Been Ventures workforce started
2026-09-14 23:50:00,282 INFO task_status task=task-f48939e6 status=completed
2026-09-14 23:50:00,282 INFO agent_completed task=task-f48939e6 agent=research
2026-09-14 23:50:02,069 INFO system_started Been Ventures workforce started
2026-09-14 23:50:05,313 INFO system_started Been Ventures workforce started
2026-09-14 23:50:08,150 INFO system_started Been Ventures workforce started
2026-09-14 23:50:11,392 INFO system_started Been Ventures workforce started
2026-09-14 23:50:14,224 INFO system_started Been Ventures workforce started
2026-09-14 23:50:17,077 INFO system_started Been Ventures workforce started
2026-09-14 23:50:20,313 INFO system_started Been Ventures workforce started
2026-09-14 23:50:23,156 INFO system_started Been Ventures workforce started
2026-09-14 23:50:26,419 INFO system_started Been Ventures workforce started
2026-09-14 23:50:29,222 INFO system_started Been Ventures workforce started
2026-09-14 23:50:32,353 INFO system_started Been Ventures workforce started
2026-09-14 23:50:35,611 INFO system_started Been Ventures workforce started
2026-09-14 23:50:38,460 INFO system_started Been Ventures workforce started
2026-09-14 23:50:41,710 INFO system_started Been Ventures workforce started
2026-09-14 23:50:44,542 INFO system_started Been Ventures workforce started
2026-09-14 23:50:47,366 INFO system_started Been Ventures workforce started
2026-09-14 23:50:50,625 INFO system_started Been Ventures workforce started
2026-09-14 23:50:53,454 INFO system_started Been Ventures workforce started
2026-09-14 23:50:56,708 INFO system_started Been Ventures workforce started
2026-09-14 23:50:59,538 INFO system_started Been Ventures workforce started
2026-09-14 23:51:02,374 INFO system_started Been Ventures workforce started
2026-09-14 23:51:05,603 INFO system_started Been Ventures workforce started
2026-09-14 23:51:08,448 INFO system_started Been Ventures workforce started
2026-09-14 23:57:08,795 INFO system_started Been Ventures workforce started
2026-09-14 23:57:12,902 INFO system_started Been Ventures workforce started
2026-09-14 23:57:15,931 INFO system_started Been Ventures workforce started
2026-09-14 23:57:18,751 INFO system_started Been Ventures workforce started
2026-09-14 23:57:22,708 INFO system_started Been Ventures workforce started
2026-09-14 23:57:25,557 INFO system_started Been Ventures workforce started
2026-09-14 23:57:28,389 INFO system_started Been Ventures workforce started
2026-09-14 23:57:31,626 INFO system_started Been Ventures workforce started
2026-09-14 23:57:34,470 INFO system_started Been Ventures workforce started
2026-09-14 23:57:37,730 INFO system_started Been Ventures workforce started
2026-09-14 23:57:40,552 INFO system_started Been Ventures workforce started
2026-09-14 23:57:43,377 INFO system_started Been Ventures workforce started
2026-09-14 23:57:46,646 INFO system_started Been Ventures workforce started
2026-09-14 23:57:49,490 INFO system_started Been Ventures workforce started
2026-09-14 23:57:52,058 INFO system_started Been Ventures workforce started
2026-09-14 23:57:52,975 INFO system_started Been Ventures workforce started
2026-09-14 23:57:52,983 INFO task_created task=task-70e5ca70 agent=client_finder
2026-09-14 23:57:52,990 INFO task_status task=task-70e5ca70 status=running
2026-09-14 23:57:52,995 INFO system_started Been Ventures workforce started
2026-09-14 23:57:53,000 INFO task_status task=task-70e5ca70 status=completed
2026-09-14 23:57:53,001 INFO agent_completed task=task-70e5ca70 agent=client_finder
2026-09-14 23:57:54,829 INFO system_started Been Ventures workforce started
2026-09-14 23:57:55,345 INFO system_started Been Ventures workforce started
2026-09-14 23:57:55,360 INFO task_created task=task-eee925c4 agent=client_finder
2026-09-14 23:57:55,368 INFO task_status task=task-eee925c4 status=running
2026-09-14 23:57:55,370 INFO system_started Been Ventures workforce started
2026-09-14 23:57:55,373 INFO task_status task=task-eee925c4 status=completed
2026-09-14 23:57:55,373 INFO agent_completed task=task-eee925c4 agent=client_finder
2026-09-14 23:57:58,064 INFO system_started Been Ventures workforce started
2026-09-14 23:58:00,859 INFO system_started Been Ventures workforce started
2026-09-14 23:58:03,737 INFO system_started Been Ventures workforce started
2026-09-14 23:58:06,992 INFO system_started Been Ventures workforce started
2026-09-14 23:58:09,828 INFO system_started Been Ventures workforce started
2026-09-14 23:58:13,063 INFO system_started Been Ventures workforce started
2026-09-14 23:58:15,905 INFO system_started Been Ventures workforce started
2026-09-14 23:58:18,755 INFO system_started Been Ventures workforce started
2026-09-14 23:58:22,050 INFO system_started Been Ventures workforce started
2026-09-14 23:58:24,817 INFO system_started Been Ventures workforce started
2026-09-14 23:58:28,077 INFO system_started Been Ventures workforce started
2026-09-14 23:58:30,906 INFO system_started Been Ventures workforce started
2026-09-14 23:58:33,731 INFO system_started Been Ventures workforce started
2026-09-14 23:58:36,982 INFO system_started Been Ventures workforce started
2026-09-14 23:58:39,815 INFO system_started Been Ventures workforce started
2026-09-14 23:58:43,094 INFO system_started Been Ventures workforce started
2026-09-14 23:58:45,892 INFO system_started Been Ventures workforce started
2026-09-14 23:58:48,731 INFO system_started Been Ventures workforce started
2026-09-14 23:58:51,990 INFO system_started Been Ventures workforce started
2026-09-14 23:58:54,820 INFO system_started Been Ventures workforce started
2026-09-14 23:58:58,063 INFO system_started Been Ventures workforce started
2026-09-14 23:59:00,911 INFO system_started Been Ventures workforce started
2026-09-14 23:59:03,744 INFO system_started Been Ventures workforce started
2026-09-14 23:59:07,046 INFO system_started Been Ventures workforce started
2026-09-14 23:59:09,842 INFO system_started Been Ventures workforce started
2026-09-14 23:59:13,157 INFO system_started Been Ventures workforce started
2026-09-14 23:59:15,950 INFO system_started Been Ventures workforce started
2026-09-14 23:59:18,749 INFO system_started Been Ventures workforce started
2026-09-14 23:59:22,055 INFO system_started Been Ventures workforce started
2026-09-14 23:59:24,855 INFO system_started Been Ventures workforce started
2026-09-14 23:59:28,153 INFO system_started Been Ventures workforce started
2026-09-14 23:59:30,955 INFO system_started Been Ventures workforce started
2026-09-14 23:59:33,754 INFO system_started Been Ventures workforce started
2026-09-14 23:59:37,047 INFO system_started Been Ventures workforce started
2026-09-14 23:59:39,856 INFO system_started Been Ventures workforce started
2026-09-14 23:59:43,148 INFO system_started Been Ventures workforce started
2026-09-14 23:59:45,946 INFO system_started Been Ventures workforce started
2026-09-14 23:59:48,746 INFO system_started Been Ventures workforce started
2026-09-14 23:59:52,039 INFO system_started Been Ventures workforce started
2026-09-14 23:59:54,813 INFO system_started Been Ventures workforce started
2026-09-14 23:59:58,059 INFO system_started Been Ventures workforce started
2026-09-15 00:00:00,887 INFO system_started Been Ventures workforce started
2026-09-15 00:00:03,722 INFO system_started Been Ventures workforce started
2026-09-15 00:00:06,686 INFO system_started Been Ventures workforce started
2026-09-15 00:00:06,698 INFO task_created task=task-c83d128f agent=client_finder
2026-09-15 00:00:06,710 INFO task_status task=task-c83d128f status=running
2026-09-15 00:00:06,718 INFO task_status task=task-c83d128f status=completed
2026-09-15 00:00:06,719 INFO agent_completed task=task-c83d128f agent=client_finder
2026-09-15 00:00:06,723 INFO system_started Been Ventures workforce started
2026-09-15 00:00:06,968 INFO system_started Been Ventures workforce started
2026-09-15 00:00:09,804 INFO system_started Been Ventures workforce started
2026-09-15 00:00:13,052 INFO system_started Been Ventures workforce started
2026-09-15 00:00:15,902 INFO system_started Been Ventures workforce started
2026-09-15 00:00:18,732 INFO system_started Been Ventures workforce started
2026-09-15 00:00:22,036 INFO system_started Been Ventures workforce started
2026-09-15 00:00:24,836 INFO system_started Been Ventures workforce started
2026-09-15 00:00:28,131 INFO system_started Been Ventures workforce started
2026-09-15 00:00:30,936 INFO system_started Been Ventures workforce started
2026-09-15 00:00:33,719 INFO system_started Been Ventures workforce started
2026-09-15 00:00:36,963 INFO system_started Been Ventures workforce started
2026-09-15 00:00:39,795 INFO system_started Been Ventures workforce started
2026-09-15 00:00:43,061 INFO system_started Been Ventures workforce started
2026-09-15 00:00:45,880 INFO system_started Been Ventures workforce started
2026-09-15 00:00:48,714 INFO system_started Been Ventures workforce started
2026-09-15 00:00:51,957 INFO system_started Been Ventures workforce started
2026-09-15 00:00:55,515 INFO system_started Been Ventures workforce started
2026-09-15 00:00:58,359 INFO system_started Been Ventures workforce started
2026-09-15 00:01:01,608 INFO system_started Been Ventures workforce started
2026-09-15 00:01:04,431 INFO system_started Been Ventures workforce started
2026-09-15 00:01:07,681 INFO system_started Been Ventures workforce started
2026-09-15 00:01:10,514 INFO system_started Been Ventures workforce started
2026-09-15 00:01:13,356 INFO system_started Been Ventures workforce started
2026-09-15 00:01:16,595 INFO system_started Been Ventures workforce started
2026-09-15 00:01:19,438 INFO system_started Been Ventures workforce started
2026-09-15 00:01:22,673 INFO system_started Been Ventures workforce started
2026-09-15 00:01:25,514 INFO system_started Been Ventures workforce started
2026-09-15 00:01:28,345 INFO system_started Been Ventures workforce started
2026-09-15 00:01:31,587 INFO system_started Been Ventures workforce started
2026-09-15 00:01:34,423 INFO system_started Been Ventures workforce started
2026-09-15 00:01:36,962 INFO system_started Been Ventures workforce started
2026-09-15 00:01:39,785 INFO system_started Been Ventures workforce started
2026-09-15 00:01:43,037 INFO system_started Been Ventures workforce started
2026-09-15 00:01:45,867 INFO system_started Been Ventures workforce started
2026-09-15 00:01:48,709 INFO system_started Been Ventures workforce started
2026-09-15 00:01:51,953 INFO system_started Been Ventures workforce started
2026-09-15 00:01:54,788 INFO system_started Been Ventures workforce started
2026-09-15 00:01:58,035 INFO system_started Been Ventures workforce started
2026-09-15 00:02:00,870 INFO system_started Been Ventures workforce started
2026-09-15 00:02:03,702 INFO system_started Been Ventures workforce started
2026-09-15 00:02:06,947 INFO system_started Been Ventures workforce started
2026-09-15 00:02:09,780 INFO system_started Been Ventures workforce started
2026-09-15 00:02:13,027 INFO system_started Been Ventures workforce started
2026-09-15 00:02:15,866 INFO system_started Been Ventures workforce started
2026-09-15 00:02:19,406 INFO system_started Been Ventures workforce started
2026-09-15 00:02:22,666 INFO system_started Been Ventures workforce started
2026-09-15 00:02:25,514 INFO system_started Been Ventures workforce started
2026-09-15 00:02:28,328 INFO system_started Been Ventures workforce started
2026-09-15 00:02:31,628 INFO system_started Been Ventures workforce started
2026-09-15 00:02:34,428 INFO system_started Been Ventures workforce started
2026-09-15 00:02:37,734 INFO system_started Been Ventures workforce started
2026-09-15 00:02:40,537 INFO system_started Been Ventures workforce started
2026-09-15 00:02:43,323 INFO system_started Been Ventures workforce started
2026-09-15 00:02:46,627 INFO system_started Been Ventures workforce started
2026-09-15 00:02:49,425 INFO system_started Been Ventures workforce started
2026-09-15 00:02:52,736 INFO system_started Been Ventures workforce started
2026-09-15 00:02:55,501 INFO system_started Been Ventures workforce started
2026-09-15 00:02:58,338 INFO system_started Been Ventures workforce started
2026-09-15 00:02:59,751 INFO system_started Been Ventures workforce started
2026-09-15 00:02:59,765 INFO task_created task=task-2b6f639d agent=client_finder
2026-09-15 00:02:59,771 INFO task_status task=task-2b6f639d status=running
2026-09-15 00:03:01,586 INFO system_started Been Ventures workforce started
2026-09-15 00:03:02,728 INFO system_started Been Ventures workforce started
2026-09-15 00:03:02,815 INFO system_started Been Ventures workforce started
2026-09-15 00:03:02,903 INFO task_status task=task-2b6f639d status=completed
2026-09-15 00:03:02,903 INFO agent_completed task=task-2b6f639d agent=client_finder
2026-09-15 00:03:02,907 INFO system_started Been Ventures workforce started
2026-09-15 00:03:03,016 INFO system_started Been Ventures workforce started
2026-09-15 00:03:03,100 INFO system_started Been Ventures workforce started
2026-09-15 00:03:04,411 INFO system_started Been Ventures workforce started
2026-09-15 00:03:07,621 INFO system_started Been Ventures workforce started
2026-09-15 00:03:07,640 INFO system_started Been Ventures workforce started
2026-09-15 00:03:33,746 INFO system_started Been Ventures workforce started
2026-09-15 00:03:36,986 INFO system_started Been Ventures workforce started
2026-09-15 00:03:40,232 INFO system_started Been Ventures workforce started
2026-09-15 00:03:35,258 INFO system_started Been Ventures workforce started
2026-09-15 00:03:36,935 INFO system_started Been Ventures workforce started
2026-09-15 00:03:39,778 INFO system_started Been Ventures workforce started
2026-09-15 00:03:43,017 INFO system_started Been Ventures workforce started
2026-09-15 00:03:45,850 INFO system_started Been Ventures workforce started
2026-09-15 00:03:49,357 INFO system_started Been Ventures workforce started
2026-09-15 00:03:52,598 INFO system_started Been Ventures workforce started
2026-09-15 00:03:55,474 INFO system_started Been Ventures workforce started
2026-09-15 00:03:58,714 INFO system_started Been Ventures workforce started
2026-09-15 00:04:01,570 INFO system_started Been Ventures workforce started
2026-09-15 00:04:04,410 INFO system_started Been Ventures workforce started
2026-09-15 00:04:07,653 INFO system_started Been Ventures workforce started
2026-09-15 00:04:09,754 INFO system_started Been Ventures workforce started
2026-09-15 00:04:13,006 INFO system_started Been Ventures workforce started
2026-09-15 00:04:13,930 INFO system_started Been Ventures workforce started
2026-09-15 00:04:13,939 INFO task_created task=task-9b08da8e agent=client_finder
2026-09-15 00:04:13,950 INFO task_status task=task-9b08da8e status=running
2026-09-15 00:04:13,976 INFO system_started Been Ventures workforce started
2026-09-15 00:04:15,851 INFO system_started Been Ventures workforce started
2026-09-15 00:04:22,275 INFO task_status task=task-9b08da8e status=completed
2026-09-15 00:04:22,275 INFO agent_completed task=task-9b08da8e agent=client_finder
2026-09-15 00:04:22,291 INFO system_started Been Ventures workforce started
2026-09-15 00:04:22,299 INFO system_started Been Ventures workforce started
2026-09-15 00:04:24,758 INFO system_started Been Ventures workforce started
2026-09-15 00:04:28,001 INFO system_started Been Ventures workforce started
2026-09-15 00:04:30,837 INFO system_started Been Ventures workforce started
2026-09-15 00:04:33,669 INFO system_started Been Ventures workforce started
2026-09-15 00:04:36,921 INFO system_started Been Ventures workforce started
2026-09-15 00:04:39,797 INFO system_started Been Ventures workforce started
2026-09-15 00:04:43,722 INFO system_started Been Ventures workforce started
2026-09-15 00:04:46,563 INFO system_started Been Ventures workforce started
2026-09-15 00:04:49,391 INFO system_started Been Ventures workforce started
2026-09-15 00:04:52,633 INFO system_started Been Ventures workforce started
2026-09-15 00:04:55,471 INFO system_started Been Ventures workforce started
2026-09-15 00:04:58,719 INFO system_started Been Ventures workforce started
2026-09-15 00:05:01,548 INFO system_started Been Ventures workforce started
2026-09-15 00:05:04,393 INFO system_started Been Ventures workforce started
2026-09-15 00:05:07,653 INFO system_started Been Ventures workforce started
2026-09-15 00:05:10,446 INFO system_started Been Ventures workforce started
2026-09-15 00:05:13,761 INFO system_started Been Ventures workforce started
2026-09-15 00:05:16,587 INFO system_started Been Ventures workforce started
2026-09-15 00:05:19,389 INFO system_started Been Ventures workforce started
2026-09-15 00:05:22,689 INFO system_started Been Ventures workforce started
2026-09-15 00:05:25,475 INFO system_started Been Ventures workforce started
2026-09-15 00:05:28,712 INFO system_started Been Ventures workforce started
2026-09-15 00:05:31,552 INFO system_started Been Ventures workforce started
2026-09-15 00:05:34,377 INFO system_started Been Ventures workforce started
2026-09-15 00:05:37,631 INFO system_started Been Ventures workforce started
2026-09-15 00:06:16,557 INFO system_started Been Ventures workforce started
2026-09-15 00:07:16,591 INFO system_started Been Ventures workforce started
2026-09-15 00:08:16,525 INFO system_started Been Ventures workforce started
2026-09-15 00:09:16,561 INFO system_started Been Ventures workforce started
2026-09-15 00:10:16,501 INFO system_started Been Ventures workforce started
2026-09-15 00:11:16,481 INFO system_started Been Ventures workforce started
2026-09-15 00:12:16,527 INFO system_started Been Ventures workforce started
2026-09-15 00:13:16,535 INFO system_started Been Ventures workforce started
2026-09-15 00:14:16,525 INFO system_started Been Ventures workforce started
2026-09-15 00:15:16,439 INFO system_started Been Ventures workforce started
2026-09-15 00:16:16,460 INFO system_started Been Ventures workforce started
